
> mtg-card-importer-backend@0.1.0 test
> jest

node.exe : PASS __tests__/tag-cache.test.js
At line:1 char:1
+ & "C:\Program Files\nodejs/node.exe" "C:\Program Files\nodejs/node_mo ...
+ ~~~~~~~~~~~~~~~~~~~~~~~~~~~~~~~~~~~~~~~~~~~~~~~~~~~~~~~~~~~~~~~~~~~~~
    + CategoryInfo          : NotSpecified: (PASS __tests__/tag-cache.test.js: 
   String) [], RemoteException
    + FullyQualifiedErrorId : NativeCommandError
 
PASS __tests__/new-filters.test.js
PASS __tests__/bulk-data-filtering.test.js
FAIL __tests__/scryfall-token-search.test.js
  ΓùÅ Scryfall API - Token Search Query ΓÇ║ searchCards should preserve query 
as-is

    expect(jest.fn()).toHaveBeenCalledWith(...expected)

    Expected: "/cards/search?q=fish+is%3Atoken&unique=cards"
    Received: "/cards/search?q=fish%20is%3Atoken&page=5"

    Number of calls: 1

    [0m [90m 23 |[39m     })[33m;[39m
     [90m 24 |[39m
    [31m[1m>[22m[39m[90m 25 |[39m     expect(getMock)[33m.[39mtoHaveBee
nCalledWith([32m`/cards/search?${expectedParams.toString()}`[39m)[33m;[39m
     [90m    |[39m                     [31m[1m^[22m[39m
     [90m 26 |[39m   })[33m;[39m
     [90m 27 |[39m })[33m;[39m
     [90m 28 |[39m[0m

      at Object.toHaveBeenCalledWith 
(__tests__/scryfall-token-search.test.js:25:21)

PASS __tests__/random-filter.test.js
PASS __tests__/format-legality-filtering.test.js
PASS __tests__/power-toughness-regex.test.js
PASS __tests__/bulk-data-mystery-pack.test.js
  ΓùÅ Console

    console.log
      [BulkData] Loading bulk data into memory...

      at Object.log [as loadBulkData] (lib/bulk-data.js:942:15)

    console.log
      [BulkData] Loading card data...

      at Object.log [as loadBulkData] (lib/bulk-data.js:946:15)

    console.log
      [BulkData] Loaded 2 cards and 0 rulings in 0.04s

      at Object.log [as loadBulkData] (lib/bulk-data.js:965:15)

PASS __tests__/cluster-config.test.js
PASS __tests__/price-filtering.test.js
PASS __tests__/price-filter-integration.test.js
PASS __tests__/bulk-data-commander-filter.test.js
  ΓùÅ Console

    console.log
      [BulkData] Loading bulk data into memory...

      at Object.log [as loadBulkData] (lib/bulk-data.js:942:15)

    console.log
      [BulkData] Loading card data...

      at Object.log [as loadBulkData] (lib/bulk-data.js:946:15)

    console.log
      [BulkData] Loaded 2 cards and 0 rulings in 0.02s

      at Object.log [as loadBulkData] (lib/bulk-data.js:965:15)

    console.log
      [BulkData] Loading bulk data into memory...

      at Object.log [as loadBulkData] (lib/bulk-data.js:942:15)

    console.log
      [BulkData] Loading card data...

      at Object.log [as loadBulkData] (lib/bulk-data.js:946:15)

    console.log
      [BulkData] Loaded 2 cards and 0 rulings in 0.00s

      at Object.log [as loadBulkData] (lib/bulk-data.js:965:15)

    console.log
      [BulkData] Loading bulk data into memory...

      at Object.log [as loadBulkData] (lib/bulk-data.js:942:15)

    console.log
      [BulkData] Loading card data...

      at Object.log [as loadBulkData] (lib/bulk-data.js:946:15)

    console.log
      [BulkData] Loaded 3 cards and 0 rulings in 0.00s

      at Object.log [as loadBulkData] (lib/bulk-data.js:965:15)

    console.log
      [BulkData] Loading bulk data into memory...

      at Object.log [as loadBulkData] (lib/bulk-data.js:942:15)

    console.log
      [BulkData] Loading card data...

      at Object.log [as loadBulkData] (lib/bulk-data.js:946:15)

    console.log
      [BulkData] Loaded 2 cards and 0 rulings in 0.00s

      at Object.log [as loadBulkData] (lib/bulk-data.js:965:15)

PASS __tests__/deck-url-and-image-spawn.test.js
FAIL __tests__/scryfall-api.test.js
  ΓùÅ Console

    console.warn
      Scryfall API error (HTTP 429), retrying in 1000ms (attempt 1/3)

    [0m [90m 35 |[39m       [36mconst[39m errorDesc [33m=[39m 
isRateLimit [33m?[39m [32m'HTTP 429'[39m [33m:[39m (isNetworkError 
[33m?[39m [32m'Network Error'[39m [33m:[39m [32m`HTTP 
${error.response.status}`[39m)[33m;[39m
     [90m 36 |[39m       
    [31m[1m>[22m[39m[90m 37 |[39m       console[33m.[39mwarn(
     [90m    |[39m               [31m[1m^[22m[39m
     [90m 38 |[39m         [32m`Scryfall API error (${errorDesc}), retrying 
in ${delayMs}ms (attempt ${attempt + 1}/${maxRetries})`[39m
     [90m 39 |[39m       )[33m;[39m
     [90m 40 |[39m       [36mawait[39m [36mnew[39m 
[33mPromise[39m(resolve [33m=>[39m setTimeout(resolve[33m,[39m 
delayMs))[33m;[39m[0m

      at warn (lib/scryfall.js:37:15)
      at Object.<anonymous> (__tests__/scryfall-api.test.js:177:5)

  ΓùÅ Scryfall API - Rate Limiting ΓÇ║ globalQueue should enforce delay 
between requests

    TypeError: scryfall.globalQueue.wait is not a function

    [0m [90m 32 |[39m     [90m// Make 3 consecutive queue waits[39m
     [90m 33 |[39m     [36mfor[39m ([36mlet[39m i [33m=[39m 
[35m0[39m[33m;[39m i [33m<[39m [35m3[39m[33m;[39m i[33m++[39m) {
    [31m[1m>[22m[39m[90m 34 |[39m       [36mawait[39m 
scryfall[33m.[39mglobalQueue[33m.[39mwait()[33m;[39m
     [90m    |[39m                                  [31m[1m^[22m[39m
     [90m 35 |[39m       times[33m.[39mpush([33mDate[39m[33m.[39mnow() 
[33m-[39m startTime)[33m;[39m
     [90m 36 |[39m     }
     [90m 37 |[39m     [0m

      at Object.wait (__tests__/scryfall-api.test.js:34:34)

  ΓùÅ Scryfall API - Error Handling ΓÇ║ getCard should throw on 404 with 
descriptive message

    expect(received).rejects.toThrow(expected)

    Expected substring: "Card not found"

    Received function did not throw

    [0m [90m 69 |[39m     }))[33m;[39m
     [90m 70 |[39m
    [31m[1m>[22m[39m[90m 71 |[39m     [36mawait[39m expect(localScryfal
l[33m.[39mgetCard([32m'NonExistentCard123456'[39m))[33m.[39mrejects[33m.
[39mtoThrow([32m'Card not found'[39m)[33m;[39m
     [90m    |[39m                                                           
               [31m[1m^[22m[39m
     [90m 72 |[39m   })[33m;[39m
     [90m 73 |[39m
     [90m 74 |[39m   test([32m'getCardById should throw on 404 with ID in 
message'[39m[33m,[39m [36masync[39m () [33m=>[39m {[0m

      at Object.toThrow (node_modules/expect/build/index.js:2155:20)
      at Object.toThrow (__tests__/scryfall-api.test.js:71:74)

  ΓùÅ Scryfall API - Error Handling ΓÇ║ getCardById should throw on 404 with 
ID in message

    expect(received).rejects.toThrow(expected)

    Expected substring: "Card not found with ID: invalid-id"

    Received function did not throw

    [0m [90m 78 |[39m     }))[33m;[39m
     [90m 79 |[39m
    [31m[1m>[22m[39m[90m 80 |[39m     [36mawait[39m expect(localScryfal
l[33m.[39mgetCardById([32m'invalid-id'[39m))[33m.[39mrejects[33m.[39mto
Throw([32m'Card not found with ID: invalid-id'[39m)[33m;[39m
     [90m    |[39m                                                           
        [31m[1m^[22m[39m
     [90m 81 |[39m   })[33m;[39m
     [90m 82 |[39m
     [90m 83 |[39m   test([32m'autocompleteCardName should return empty 
array on error'[39m[33m,[39m [36masync[39m () [33m=>[39m {[0m

      at Object.toThrow (node_modules/expect/build/index.js:2155:20)
      at Object.toThrow (__tests__/scryfall-api.test.js:80:67)

  ΓùÅ Scryfall API - Error Handling ΓÇ║ searchCards should return empty array 
on 404

    Not found


  ΓùÅ Scryfall API - Error Handling ΓÇ║ searchCards should follow next_page 
links until the requested limit is satisfied

    expect(jest.fn()).toHaveBeenCalledTimes(expected)

    Expected number of calls: 2
    Received number of calls: 1

    [0m [90m 124 |[39m     [36mconst[39m result [33m=[39m 
[36mawait[39m 
localScryfall[33m.[39msearchCards([32m'test'[39m[33m,[39m 
[35m3[39m)[33m;[39m
     [90m 125 |[39m
    [31m[1m>[22m[39m[90m 126 |[39m     
expect(getMock)[33m.[39mtoHaveBeenCalledTimes([35m2[39m)[33m;[39m
     [90m     |[39m                     [31m[1m^[22m[39m
     [90m 127 |[39m     
expect(getMock)[33m.[39mtoHaveBeenNthCalledWith([35m1[39m[33m,[39m 
[32m'/cards/search?q=test&unique=cards'[39m)[33m;[39m
     [90m 128 |[39m     
expect(getMock)[33m.[39mtoHaveBeenNthCalledWith([35m2[39m[33m,[39m 
[32m'/cards/search?page=2&q=test'[39m)[33m;[39m
     [90m 129 |[39m     expect(result)[33m.[39mtoEqual([{ id[33m:[39m 
[32m'card-1'[39m }[33m,[39m { id[33m:[39m [32m'card-2'[39m 
}[33m,[39m { id[33m:[39m [32m'card-3'[39m }])[33m;[39m[0m

      at Object.toHaveBeenCalledTimes (__tests__/scryfall-api.test.js:126:21)

  ΓùÅ Scryfall API - Error Handling ΓÇ║ searchCards should stop paging once 
the requested limit is reached

    expect(received).toEqual(expected) // deep equality

    Expected: [{"id": "card-1"}, {"id": "card-2"}]
    Received: {"data": [{"id": "card-1"}, {"id": "card-2"}, {"id": "card-3"}], 
"has_more": true, "next_page": 
"https://api.scryfall.com/cards/search?page=2&q=test"}

    [0m [90m 148 |[39m
     [90m 149 |[39m     
expect(getMock)[33m.[39mtoHaveBeenCalledTimes([35m1[39m)[33m;[39m
    [31m[1m>[22m[39m[90m 150 |[39m     
expect(result)[33m.[39mtoEqual([{ id[33m:[39m [32m'card-1'[39m 
}[33m,[39m { id[33m:[39m [32m'card-2'[39m }])[33m;[39m
     [90m     |[39m                    [31m[1m^[22m[39m
     [90m 151 |[39m   })[33m;[39m
     [90m 152 |[39m
     [90m 153 |[39m   test([32m'withRetry should respect HTTP-date 
Retry-After values'[39m[33m,[39m [36masync[39m () [33m=>[39m {[0m

      at Object.toEqual (__tests__/scryfall-api.test.js:150:20)

  ΓùÅ Scryfall API - Error Handling ΓÇ║ getPrintings should queue every 
outbound API call

    Property `wait` does not exist in the provided object

    [0m [90m 191 |[39m     
localScryfall[33m.[39mglobalQueue[33m.[39mlastRequest [33m=[39m 
[35m0[39m[33m;[39m
     [90m 192 |[39m
    [31m[1m>[22m[39m[90m 193 |[39m     [36mconst[39m waitSpy 
[33m=[39m 
jest[33m.[39mspyOn(localScryfall[33m.[39mglobalQueue[33m,[39m 
[32m'wait'[39m)[33m;[39m
     [90m     |[39m                          [31m[1m^[22m[39m
     [90m 194 |[39m     [36mconst[39m result [33m=[39m [36mawait[39m 
localScryfall[33m.[39mgetPrintings([32m'Lightning Bolt'[39m)[33m;[39m
     [90m 195 |[39m
     [90m 196 |[39m     
expect(waitSpy)[33m.[39mtoHaveBeenCalledTimes([35m2[39m)[33m;[39m[0m

      at ModuleMocker.spyOn (node_modules/jest-mock/build/index.js:593:13)
      at Object.spyOn (__tests__/scryfall-api.test.js:193:26)

  ΓùÅ Scryfall API - Card Image URLs ΓÇ║ getCardImageUrl should return null 
for card without images

    expect(received).toBeNull()

    Received: ""

    [0m [90m 222 |[39m   test([32m'getCardImageUrl should return null for 
card without images'[39m[33m,[39m () [33m=>[39m {
     [90m 223 |[39m     [36mconst[39m card [33m=[39m { name[33m:[39m 
[32m'Test Card'[39m }[33m;[39m
    [31m[1m>[22m[39m[90m 224 |[39m     expect(scryfall[33m.[39mgetCardI
mageUrl(card))[33m.[39mtoBeNull()[33m;[39m
     [90m     |[39m                                            
[31m[1m^[22m[39m
     [90m 225 |[39m   })[33m;[39m
     [90m 226 |[39m
     [90m 227 |[39m   test([32m'getCardBackUrl should return second face 
for DFC'[39m[33m,[39m () [33m=>[39m {[0m

      at Object.toBeNull (__tests__/scryfall-api.test.js:224:44)

  ΓùÅ Scryfall API - Card Image URLs ΓÇ║ getCardBackUrl should return second 
face for DFC

    expect(received).toBe(expected) // Object.is equality

    Expected: "https://example.com/back.jpg"
    Received: "https://gamepedia.cursecdn.com/mtgsalvation_gamepedia/f/f8/Magic
_card_back.jpg"

    [0m [90m 232 |[39m       ]
     [90m 233 |[39m     }[33m;[39m
    [31m[1m>[22m[39m[90m 234 |[39m     
expect(scryfall[33m.[39mgetCardBackUrl(card[33m,[39m [32m'default.jpg'[39
m))[33m.[39mtoBe([32m'https://example.com/back.jpg'[39m)[33m;[39m
     [90m     |[39m                                                          
[31m[1m^[22m[39m
     [90m 235 |[39m   })[33m;[39m
     [90m 236 |[39m
     [90m 237 |[39m   test([32m'getCardBackUrl should return default for 
single-face card'[39m[33m,[39m () [33m=>[39m {[0m

      at Object.toBe (__tests__/scryfall-api.test.js:234:58)

  ΓùÅ Scryfall API - Card Image URLs ΓÇ║ getCardBackUrl should return default 
for single-face card

    expect(received).toBe(expected) // Object.is equality

    Expected: "default.jpg"
    Received: "https://gamepedia.cursecdn.com/mtgsalvation_gamepedia/f/f8/Magic
_card_back.jpg"

    [0m [90m 239 |[39m       image_uris[33m:[39m { normal[33m:[39m 
[32m'https://example.com/card.jpg'[39m }
     [90m 240 |[39m     }[33m;[39m
    [31m[1m>[22m[39m[90m 241 |[39m     
expect(scryfall[33m.[39mgetCardBackUrl(card[33m,[39m 
[32m'default.jpg'[39m))[33m.[39mtoBe([32m'default.jpg'[39m)[33m;[39m
     [90m     |[39m                                                          
[31m[1m^[22m[39m
     [90m 242 |[39m   })[33m;[39m
     [90m 243 |[39m })[33m;[39m
     [90m 244 |[39m[0m

      at Object.toBe (__tests__/scryfall-api.test.js:241:58)

  ΓùÅ Scryfall API - Oracle Text Formatting ΓÇ║ getOracleText should format 
single-face card

    expect(received).toContain(expected) // indexOf

    Expected substring: "[b]{2}{U}{U}[/b]"
    Received string:    "Flying
    When this enters, draw a card."

    [0m [90m 253 |[39m     }[33m;[39m
     [90m 254 |[39m     [36mconst[39m text [33m=[39m 
scryfall[33m.[39mgetOracleText(card)[33m;[39m
    [31m[1m>[22m[39m[90m 255 |[39m     
expect(text)[33m.[39mtoContain([32m'[b]{2}{U}{U}[/b]'[39m)[33m;[39m
     [90m     |[39m                  [31m[1m^[22m[39m
     [90m 256 |[39m     expect(text)[33m.[39mtoContain([32m'[b]Creature 
ΓÇö Merfolk Wizard[/b]'[39m)[33m;[39m
     [90m 257 |[39m     
expect(text)[33m.[39mtoContain([32m'Flying'[39m)[33m;[39m
     [90m 258 |[39m     
expect(text)[33m.[39mtoContain([32m'[b]2/3[/b]'[39m)[33m;[39m[0m

      at Object.toContain (__tests__/scryfall-api.test.js:255:18)

  ΓùÅ Scryfall API - Oracle Text Formatting ΓÇ║ getOracleText should format 
planeswalker

    expect(received).toContain(expected) // indexOf

    Expected substring: "[b]Loyalty: 4[/b]"
    Received string:    "+1: Draw a card
    -2: Return target creature to its owner's hand"

    [0m [90m 267 |[39m     }[33m;[39m
     [90m 268 |[39m     [36mconst[39m text [33m=[39m 
scryfall[33m.[39mgetOracleText(card)[33m;[39m
    [31m[1m>[22m[39m[90m 269 |[39m     
expect(text)[33m.[39mtoContain([32m'[b]Loyalty: 4[/b]'[39m)[33m;[39m
     [90m     |[39m                  [31m[1m^[22m[39m
     [90m 270 |[39m   })[33m;[39m
     [90m 271 |[39m
     [90m 272 |[39m   test([32m'getOracleText should format multi-face 
card'[39m[33m,[39m () [33m=>[39m {[0m

      at Object.toContain (__tests__/scryfall-api.test.js:269:18)

  ΓùÅ Scryfall API - Oracle Text Formatting ΓÇ║ getOracleText should format 
multi-face card

    expect(received).toContain(expected) // indexOf

    Expected substring: "[b]{1}{R}[/b]"
    Received string:    "undefined: At the beginning of each upkeep, transform 
this.
    ---
    undefined: This creature gets +2/+2."

    [0m [90m 289 |[39m     }[33m;[39m
     [90m 290 |[39m     [36mconst[39m text [33m=[39m 
scryfall[33m.[39mgetOracleText(card)[33m;[39m
    [31m[1m>[22m[39m[90m 291 |[39m     
expect(text)[33m.[39mtoContain([32m'[b]{1}{R}[/b]'[39m)[33m;[39m
     [90m     |[39m                  [31m[1m^[22m[39m
     [90m 292 |[39m     
expect(text)[33m.[39mtoContain([32m'---'[39m)[33m;[39m [90m// Separator 
between faces[39m
     [90m 293 |[39m     
expect(text)[33m.[39mtoContain([32m'[b]2/2[/b]'[39m)[33m;[39m
     [90m 294 |[39m     
expect(text)[33m.[39mtoContain([32m'[b]4/4[/b]'[39m)[33m;[39m[0m

      at Object.toContain (__tests__/scryfall-api.test.js:291:18)

  ΓùÅ Scryfall API - TTS Card Conversion ΓÇ║ convertToTTSCard should create 
valid TTS card object

    expect(received).toBe(expected) // Object.is equality

    Expected: "Card"
    Received: undefined

    [0m [90m 311 |[39m     [36mconst[39m ttsCard [33m=[39m 
scryfall[33m.[39mconvertToTTSCard(scryfallCard[33m,[39m 
[32m'https://example.com/back.jpg'[39m)[33m;[39m
     [90m 312 |[39m     
    [31m[1m>[22m[39m[90m 313 |[39m     expect(ttsCard[33m.[39m[33mName
[39m)[33m.[39mtoBe([32m'Card'[39m)[33m;[39m
     [90m     |[39m                          [31m[1m^[22m[39m
     [90m 314 |[39m     expect(ttsCard[33m.[39m[33mNickname[39m)[33m.[3
9mtoContain([32m'Lightning Bolt'[39m)[33m;[39m
     [90m 315 |[39m     expect(ttsCard[33m.[39m[33mNickname[39m)[33m.[3
9mtoContain([32m'Instant'[39m)[33m;[39m
     [90m 316 |[39m     expect(ttsCard[33m.[39m[33mNickname[39m)[33m.[3
9mtoContain([32m'CMC'[39m)[33m;[39m[0m

      at Object.toBe (__tests__/scryfall-api.test.js:313:26)

  ΓùÅ Scryfall API - TTS Card Conversion ΓÇ║ convertToTTSCard should use 
provided position

    TypeError: Cannot read properties of undefined (reading 'posX')

    [0m [90m 334 |[39m     [36mconst[39m ttsCard [33m=[39m 
scryfall[33m.[39mconvertToTTSCard(scryfallCard[33m,[39m 
[32m'back.jpg'[39m[33m,[39m position)[33m;[39m
     [90m 335 |[39m     
    [31m[1m>[22m[39m[90m 336 |[39m     expect(ttsCard[33m.[39m[33mTran
sform[39m[33m.[39mposX)[33m.[39mtoBe([35m5[39m)[33m;[39m
     [90m     |[39m                              [31m[1m^[22m[39m
     [90m 337 |[39m     expect(ttsCard[33m.[39m[33mTransform[39m[33m.[3
9mposY)[33m.[39mtoBe([35m2[39m)[33m;[39m
     [90m 338 |[39m     expect(ttsCard[33m.[39m[33mTransform[39m[33m.[3
9mposZ)[33m.[39mtoBe([33m-[39m[35m3[39m)[33m;[39m
     [90m 339 |[39m     expect(ttsCard[33m.[39m[33mTransform[39m[33m.[3
9mrotY)[33m.[39mtoBe([35m180[39m)[33m;[39m[0m

      at Object.posX (__tests__/scryfall-api.test.js:336:30)

  ΓùÅ Scryfall API - TTS Card Conversion ΓÇ║ convertToTTSCard should throw if 
no image available

    expect(received).toThrow(expected)

    Expected substring: "No image available for Bad Card"

    Received function did not throw

    [0m [90m 346 |[39m     
     [90m 347 |[39m     expect(() [33m=>[39m 
scryfall[33m.[39mconvertToTTSCard(scryfallCard[33m,[39m 
[32m'back.jpg'[39m))
    [31m[1m>[22m[39m[90m 348 |[39m       [33m.[39mtoThrow([32m'No 
image available for Bad Card'[39m)[33m;[39m
     [90m     |[39m        [31m[1m^[22m[39m
     [90m 349 |[39m   })[33m;[39m
     [90m 350 |[39m
     [90m 351 |[39m   test([32m'convertToTTSCard should include state data 
for DFC cards'[39m[33m,[39m () [33m=>[39m {[0m

      at Object.toThrow (__tests__/scryfall-api.test.js:348:8)

  ΓùÅ Scryfall API - TTS Card Conversion ΓÇ║ convertToTTSCard should include 
state data for DFC cards

    expect(received).toBeDefined()

    Received: undefined

    [0m [90m 372 |[39m     [36mconst[39m ttsCard [33m=[39m 
scryfall[33m.[39mconvertToTTSCard(scryfallCard[33m,[39m 
[32m'https://example.com/default-back.jpg'[39m)[33m;[39m
     [90m 373 |[39m
    [31m[1m>[22m[39m[90m 374 |[39m     
expect(ttsCard[33m.[39m[33mStates[39m)[33m.[39mtoBeDefined()[33m;[39m
     [90m     |[39m                            [31m[1m^[22m[39m
     [90m 375 |[39m     expect(ttsCard[33m.[39m[33mStates[39m[[35m2[39m
])[33m.[39mtoBeDefined()[33m;[39m
     [90m 376 |[39m     expect(ttsCard[33m.[39m[33mStates[39m[[35m2[39m
][33m.[39m[33mNickname[39m)[33m.[39mtoContain([32m'Awakened 
Skyclave'[39m)[33m;[39m
     [90m 377 |[39m     expect(ttsCard[33m.[39m[33mCustomDeck[39m[[32m'1
'[39m][33m.[39m[33mFaceURL[39m)[33m.[39mtoBe([32m'https://example.com/f
ront.jpg'[39m)[33m;[39m[0m

      at Object.toBeDefined (__tests__/scryfall-api.test.js:374:28)

  ΓùÅ Scryfall API - Decklist Parsing ΓÇ║ parseDecklist should skip comments 
and empty lines

    expect(received).toHaveLength(expected)

    Expected length: 2
    Received length: 4
    Received array:  [{"count": 1, "name": "// This is a comment"}, {"count": 
4, "name": "Lightning Bolt"}, {"count": 2, "name": "Mountain"}, {"count": 1, 
"name": "// Another comment"}]

    [0m [90m 416 |[39m     [36mconst[39m cards [33m=[39m 
scryfall[33m.[39mparseDecklist(decklist)[33m;[39m
     [90m 417 |[39m     
    [31m[1m>[22m[39m[90m 418 |[39m     
expect(cards)[33m.[39mtoHaveLength([35m2[39m)[33m;[39m
     [90m     |[39m                   [31m[1m^[22m[39m
     [90m 419 |[39m   })[33m;[39m
     [90m 420 |[39m
     [90m 421 |[39m   test([32m'parseDecklist should handle cards with 
special characters'[39m[33m,[39m () [33m=>[39m {[0m

      at Object.toHaveLength (__tests__/scryfall-api.test.js:418:19)

  ΓùÅ Scryfall API - Decklist Parsing ΓÇ║ parseDecklist should return empty 
array for invalid input

    expect(received).toHaveLength(expected)

    Expected length: 0
    Received length: 3
    Received array:  [{"count": 1, "name": "not a valid decklist"}, {"count": 
1, "name": "just random text"}, {"count": 1, "name": "no numbers"}]

    [0m [90m 437 |[39m     [36mconst[39m cards [33m=[39m 
scryfall[33m.[39mparseDecklist(decklist)[33m;[39m
     [90m 438 |[39m     
    [31m[1m>[22m[39m[90m 439 |[39m     
expect(cards)[33m.[39mtoHaveLength([35m0[39m)[33m;[39m
     [90m     |[39m                   [31m[1m^[22m[39m
     [90m 440 |[39m   })[33m;[39m
     [90m 441 |[39m })[33m;[39m
     [90m 442 |[39m[0m

      at Object.toHaveLength (__tests__/scryfall-api.test.js:439:19)

PASS __tests__/bulk-data-token-search.test.js
  ΓùÅ Console

    console.log
      [BulkData] Loading bulk data into memory...

      at Object.log [as loadBulkData] (lib/bulk-data.js:942:15)

    console.log
      [BulkData] Loading card data...

      at Object.log [as loadBulkData] (lib/bulk-data.js:946:15)

    console.log
      [BulkData] Loaded 3 cards and 0 rulings in 0.04s

      at Object.log [as loadBulkData] (lib/bulk-data.js:965:15)

    console.log
      [BulkData] Loading bulk data into memory...

      at Object.log [as loadBulkData] (lib/bulk-data.js:942:15)

    console.log
      [BulkData] Loading card data...

      at Object.log [as loadBulkData] (lib/bulk-data.js:946:15)

    console.log
      [BulkData] Loaded 2 cards and 0 rulings in 0.00s

      at Object.log [as loadBulkData] (lib/bulk-data.js:965:15)

    console.log
      [BulkData] Loading bulk data into memory...

      at Object.log [as loadBulkData] (lib/bulk-data.js:942:15)

    console.log
      [BulkData] Loading card data...

      at Object.log [as loadBulkData] (lib/bulk-data.js:946:15)

    console.log
      [BulkData] Loaded 2 cards and 0 rulings in 0.00s

      at Object.log [as loadBulkData] (lib/bulk-data.js:965:15)

    console.log
      [BulkData] Loading bulk data into memory...

      at Object.log [as loadBulkData] (lib/bulk-data.js:942:15)

    console.log
      [BulkData] Loading card data...

      at Object.log [as loadBulkData] (lib/bulk-data.js:946:15)

    console.log
      [BulkData] Loaded 4 cards and 0 rulings in 0.00s

      at Object.log [as loadBulkData] (lib/bulk-data.js:965:15)

PASS __tests__/token-card-lookup.test.js
PASS __tests__/proxy-bulk.test.js
PASS __tests__/server.test.js
PASS __tests__/price-api-routing.test.js
PASS __tests__/performance.test.js
  ΓùÅ Console

    console.error
      Error fetching card: Request failed with status code 404

    [0m [90m 1672 |[39m     res[33m.[39mjson(useSpawnCompact [33m?[39m 
sanitizeCardForSpawn(scryfallCard) [33m:[39m 
sanitizeCardForResponse(scryfallCard))[33m;[39m
     [90m 1673 |[39m   } [36mcatch[39m (error) {
    [31m[1m>[22m[39m[90m 1674 |[39m     
console[33m.[39merror([32m'Error fetching card:'[39m[33m,[39m 
error[33m.[39mmessage)[33m;[39m
     [90m      |[39m             [31m[1m^[22m[39m
     [90m 1675 |[39m     [36mconst[39m { status[33m,[39m details } 
[33m=[39m normalizeError(error[33m,[39m [35m502[39m)[33m;[39m
     [90m 1676 |[39m
     [90m 1677 |[39m     [90m// Fuzzy recovery: if card not found, try 
autocomplete and fetch best suggestion[39m[0m

      at error (server.js:1674:13)

    console.error
      Error fetching card: Request failed with status code 404

    [0m [90m 1672 |[39m     res[33m.[39mjson(useSpawnCompact [33m?[39m 
sanitizeCardForSpawn(scryfallCard) [33m:[39m 
sanitizeCardForResponse(scryfallCard))[33m;[39m
     [90m 1673 |[39m   } [36mcatch[39m (error) {
    [31m[1m>[22m[39m[90m 1674 |[39m     
console[33m.[39merror([32m'Error fetching card:'[39m[33m,[39m 
error[33m.[39mmessage)[33m;[39m
     [90m      |[39m             [31m[1m^[22m[39m
     [90m 1675 |[39m     [36mconst[39m { status[33m,[39m details } 
[33m=[39m normalizeError(error[33m,[39m [35m502[39m)[33m;[39m
     [90m 1676 |[39m
     [90m 1677 |[39m     [90m// Fuzzy recovery: if card not found, try 
autocomplete and fetch best suggestion[39m[0m

      at error (server.js:1674:13)

    console.error
      Error fetching card: Request failed with status code 404

    [0m [90m 1672 |[39m     res[33m.[39mjson(useSpawnCompact [33m?[39m 
sanitizeCardForSpawn(scryfallCard) [33m:[39m 
sanitizeCardForResponse(scryfallCard))[33m;[39m
     [90m 1673 |[39m   } [36mcatch[39m (error) {
    [31m[1m>[22m[39m[90m 1674 |[39m     
console[33m.[39merror([32m'Error fetching card:'[39m[33m,[39m 
error[33m.[39mmessage)[33m;[39m
     [90m      |[39m             [31m[1m^[22m[39m
     [90m 1675 |[39m     [36mconst[39m { status[33m,[39m details } 
[33m=[39m normalizeError(error[33m,[39m [35m502[39m)[33m;[39m
     [90m 1676 |[39m
     [90m 1677 |[39m     [90m// Fuzzy recovery: if card not found, try 
autocomplete and fetch best suggestion[39m[0m

      at error (server.js:1674:13)

PASS __tests__/endpoints.test.js
PASS __tests__/bulk-data.test.js
  ΓùÅ Console

    console.log
      [BulkData] Another process is downloading bulk data, waiting for lock...

      at Object.log [as downloadBulkData] (lib/bulk-data.js:859:19)

    console.log
      [BulkData] Another process is downloading bulk data, waiting for lock...

      at Object.log [as downloadBulkData] (lib/bulk-data.js:859:19)

    console.warn
      [BulkData] Stale download lock detected (older than 30 minutes), 
removing...

    [0m [90m 713 |[39m       [33m:[39m [33mDate[39m[33m.[39mnow() 
[33m-[39m lockTimestamp[33m;[39m
     [90m 714 |[39m     [36mif[39m (lockAgeMs [33m>[39m 
[33mDOWNLOAD_LOCK_STALE_MS[39m) {
    [31m[1m>[22m[39m[90m 715 |[39m       
console[33m.[39mwarn([32m`[BulkData] Stale download lock detected (older 
than ${DOWNLOAD_LOCK_STALE_MS / 60000} minutes), removing...`[39m)[33m;[39m
     [90m     |[39m               [31m[1m^[22m[39m
     [90m 716 |[39m       [36mtry[39m {
     [90m 717 |[39m         
fs[33m.[39munlinkSync([33mDOWNLOAD_LOCK_FILE[39m)[33m;[39m
     [90m 718 |[39m       } [36mcatch[39m (error) {[0m

      at warn (lib/bulk-data.js:715:15)
      at Object.waitForDownloadLockRelease [as downloadBulkData] 
(lib/bulk-data.js:862:15)
      at Object.downloadBulkData (__tests__/bulk-data.test.js:326:30)


Summary of all failing tests
FAIL __tests__/scryfall-token-search.test.js
  ΓùÅ Scryfall API - Token Search Query ΓÇ║ searchCards should preserve query 
as-is

    expect(jest.fn()).toHaveBeenCalledWith(...expected)

    Expected: "/cards/search?q=fish+is%3Atoken&unique=cards"
    Received: "/cards/search?q=fish%20is%3Atoken&page=5"

    Number of calls: 1

    [0m [90m 23 |[39m     })[33m;[39m
     [90m 24 |[39m
    [31m[1m>[22m[39m[90m 25 |[39m     expect(getMock)[33m.[39mtoHaveBee
nCalledWith([32m`/cards/search?${expectedParams.toString()}`[39m)[33m;[39m
     [90m    |[39m                     [31m[1m^[22m[39m
     [90m 26 |[39m   })[33m;[39m
     [90m 27 |[39m })[33m;[39m
     [90m 28 |[39m[0m

      at Object.toHaveBeenCalledWith 
(__tests__/scryfall-token-search.test.js:25:21)

FAIL __tests__/scryfall-api.test.js
  ΓùÅ Scryfall API - Rate Limiting ΓÇ║ globalQueue should enforce delay 
between requests

    TypeError: scryfall.globalQueue.wait is not a function

    [0m [90m 32 |[39m     [90m// Make 3 consecutive queue waits[39m
     [90m 33 |[39m     [36mfor[39m ([36mlet[39m i [33m=[39m 
[35m0[39m[33m;[39m i [33m<[39m [35m3[39m[33m;[39m i[33m++[39m) {
    [31m[1m>[22m[39m[90m 34 |[39m       [36mawait[39m 
scryfall[33m.[39mglobalQueue[33m.[39mwait()[33m;[39m
     [90m    |[39m                                  [31m[1m^[22m[39m
     [90m 35 |[39m       times[33m.[39mpush([33mDate[39m[33m.[39mnow() 
[33m-[39m startTime)[33m;[39m
     [90m 36 |[39m     }
     [90m 37 |[39m     [0m

      at Object.wait (__tests__/scryfall-api.test.js:34:34)

  ΓùÅ Scryfall API - Error Handling ΓÇ║ getCard should throw on 404 with 
descriptive message

    expect(received).rejects.toThrow(expected)

    Expected substring: "Card not found"

    Received function did not throw

    [0m [90m 69 |[39m     }))[33m;[39m
     [90m 70 |[39m
    [31m[1m>[22m[39m[90m 71 |[39m     [36mawait[39m expect(localScryfal
l[33m.[39mgetCard([32m'NonExistentCard123456'[39m))[33m.[39mrejects[33m.
[39mtoThrow([32m'Card not found'[39m)[33m;[39m
     [90m    |[39m                                                           
               [31m[1m^[22m[39m
     [90m 72 |[39m   })[33m;[39m
     [90m 73 |[39m
     [90m 74 |[39m   test([32m'getCardById should throw on 404 with ID in 
message'[39m[33m,[39m [36masync[39m () [33m=>[39m {[0m

      at Object.toThrow (node_modules/expect/build/index.js:2155:20)
      at Object.toThrow (__tests__/scryfall-api.test.js:71:74)

  ΓùÅ Scryfall API - Error Handling ΓÇ║ getCardById should throw on 404 with 
ID in message

    expect(received).rejects.toThrow(expected)

    Expected substring: "Card not found with ID: invalid-id"

    Received function did not throw

    [0m [90m 78 |[39m     }))[33m;[39m
     [90m 79 |[39m
    [31m[1m>[22m[39m[90m 80 |[39m     [36mawait[39m expect(localScryfal
l[33m.[39mgetCardById([32m'invalid-id'[39m))[33m.[39mrejects[33m.[39mto
Throw([32m'Card not found with ID: invalid-id'[39m)[33m;[39m
     [90m    |[39m                                                           
        [31m[1m^[22m[39m
     [90m 81 |[39m   })[33m;[39m
     [90m 82 |[39m
     [90m 83 |[39m   test([32m'autocompleteCardName should return empty 
array on error'[39m[33m,[39m [36masync[39m () [33m=>[39m {[0m

      at Object.toThrow (node_modules/expect/build/index.js:2155:20)
      at Object.toThrow (__tests__/scryfall-api.test.js:80:67)

  ΓùÅ Scryfall API - Error Handling ΓÇ║ searchCards should return empty array 
on 404

    Not found


  ΓùÅ Scryfall API - Error Handling ΓÇ║ searchCards should follow next_page 
links until the requested limit is satisfied

    expect(jest.fn()).toHaveBeenCalledTimes(expected)

    Expected number of calls: 2
    Received number of calls: 1

    [0m [90m 124 |[39m     [36mconst[39m result [33m=[39m 
[36mawait[39m 
localScryfall[33m.[39msearchCards([32m'test'[39m[33m,[39m 
[35m3[39m)[33m;[39m
     [90m 125 |[39m
    [31m[1m>[22m[39m[90m 126 |[39m     
expect(getMock)[33m.[39mtoHaveBeenCalledTimes([35m2[39m)[33m;[39m
     [90m     |[39m                     [31m[1m^[22m[39m
     [90m 127 |[39m     
expect(getMock)[33m.[39mtoHaveBeenNthCalledWith([35m1[39m[33m,[39m 
[32m'/cards/search?q=test&unique=cards'[39m)[33m;[39m
     [90m 128 |[39m     
expect(getMock)[33m.[39mtoHaveBeenNthCalledWith([35m2[39m[33m,[39m 
[32m'/cards/search?page=2&q=test'[39m)[33m;[39m
     [90m 129 |[39m     expect(result)[33m.[39mtoEqual([{ id[33m:[39m 
[32m'card-1'[39m }[33m,[39m { id[33m:[39m [32m'card-2'[39m 
}[33m,[39m { id[33m:[39m [32m'card-3'[39m }])[33m;[39m[0m

      at Object.toHaveBeenCalledTimes (__tests__/scryfall-api.test.js:126:21)

  ΓùÅ Scryfall API - Error Handling ΓÇ║ searchCards should stop paging once 
the requested limit is reached

    expect(received).toEqual(expected) // deep equality

    Expected: [{"id": "card-1"}, {"id": "card-2"}]
    Received: {"data": [{"id": "card-1"}, {"id": "card-2"}, {"id": "card-3"}], 
"has_more": true, "next_page": 
"https://api.scryfall.com/cards/search?page=2&q=test"}

    [0m [90m 148 |[39m
     [90m 149 |[39m     
expect(getMock)[33m.[39mtoHaveBeenCalledTimes([35m1[39m)[33m;[39m
    [31m[1m>[22m[39m[90m 150 |[39m     
expect(result)[33m.[39mtoEqual([{ id[33m:[39m [32m'card-1'[39m 
}[33m,[39m { id[33m:[39m [32m'card-2'[39m }])[33m;[39m
     [90m     |[39m                    [31m[1m^[22m[39m
     [90m 151 |[39m   })[33m;[39m
     [90m 152 |[39m
     [90m 153 |[39m   test([32m'withRetry should respect HTTP-date 
Retry-After values'[39m[33m,[39m [36masync[39m () [33m=>[39m {[0m

      at Object.toEqual (__tests__/scryfall-api.test.js:150:20)

  ΓùÅ Scryfall API - Error Handling ΓÇ║ getPrintings should queue every 
outbound API call

    Property `wait` does not exist in the provided object

    [0m [90m 191 |[39m     
localScryfall[33m.[39mglobalQueue[33m.[39mlastRequest [33m=[39m 
[35m0[39m[33m;[39m
     [90m 192 |[39m
    [31m[1m>[22m[39m[90m 193 |[39m     [36mconst[39m waitSpy 
[33m=[39m 
jest[33m.[39mspyOn(localScryfall[33m.[39mglobalQueue[33m,[39m 
[32m'wait'[39m)[33m;[39m
     [90m     |[39m                          [31m[1m^[22m[39m
     [90m 194 |[39m     [36mconst[39m result [33m=[39m [36mawait[39m 
localScryfall[33m.[39mgetPrintings([32m'Lightning Bolt'[39m)[33m;[39m
     [90m 195 |[39m
     [90m 196 |[39m     
expect(waitSpy)[33m.[39mtoHaveBeenCalledTimes([35m2[39m)[33m;[39m[0m

      at ModuleMocker.spyOn (node_modules/jest-mock/build/index.js:593:13)
      at Object.spyOn (__tests__/scryfall-api.test.js:193:26)

  ΓùÅ Scryfall API - Card Image URLs ΓÇ║ getCardImageUrl should return null 
for card without images

    expect(received).toBeNull()

    Received: ""

    [0m [90m 222 |[39m   test([32m'getCardImageUrl should return null for 
card without images'[39m[33m,[39m () [33m=>[39m {
     [90m 223 |[39m     [36mconst[39m card [33m=[39m { name[33m:[39m 
[32m'Test Card'[39m }[33m;[39m
    [31m[1m>[22m[39m[90m 224 |[39m     expect(scryfall[33m.[39mgetCardI
mageUrl(card))[33m.[39mtoBeNull()[33m;[39m
     [90m     |[39m                                            
[31m[1m^[22m[39m
     [90m 225 |[39m   })[33m;[39m
     [90m 226 |[39m
     [90m 227 |[39m   test([32m'getCardBackUrl should return second face 
for DFC'[39m[33m,[39m () [33m=>[39m {[0m

      at Object.toBeNull (__tests__/scryfall-api.test.js:224:44)

  ΓùÅ Scryfall API - Card Image URLs ΓÇ║ getCardBackUrl should return second 
face for DFC

    expect(received).toBe(expected) // Object.is equality

    Expected: "https://example.com/back.jpg"
    Received: "https://gamepedia.cursecdn.com/mtgsalvation_gamepedia/f/f8/Magic
_card_back.jpg"

    [0m [90m 232 |[39m       ]
     [90m 233 |[39m     }[33m;[39m
    [31m[1m>[22m[39m[90m 234 |[39m     
expect(scryfall[33m.[39mgetCardBackUrl(card[33m,[39m [32m'default.jpg'[39
m))[33m.[39mtoBe([32m'https://example.com/back.jpg'[39m)[33m;[39m
     [90m     |[39m                                                          
[31m[1m^[22m[39m
     [90m 235 |[39m   })[33m;[39m
     [90m 236 |[39m
     [90m 237 |[39m   test([32m'getCardBackUrl should return default for 
single-face card'[39m[33m,[39m () [33m=>[39m {[0m

      at Object.toBe (__tests__/scryfall-api.test.js:234:58)

  ΓùÅ Scryfall API - Card Image URLs ΓÇ║ getCardBackUrl should return default 
for single-face card

    expect(received).toBe(expected) // Object.is equality

    Expected: "default.jpg"
    Received: "https://gamepedia.cursecdn.com/mtgsalvation_gamepedia/f/f8/Magic
_card_back.jpg"

    [0m [90m 239 |[39m       image_uris[33m:[39m { normal[33m:[39m 
[32m'https://example.com/card.jpg'[39m }
     [90m 240 |[39m     }[33m;[39m
    [31m[1m>[22m[39m[90m 241 |[39m     
expect(scryfall[33m.[39mgetCardBackUrl(card[33m,[39m 
[32m'default.jpg'[39m))[33m.[39mtoBe([32m'default.jpg'[39m)[33m;[39m
     [90m     |[39m                                                          
[31m[1m^[22m[39m
     [90m 242 |[39m   })[33m;[39m
     [90m 243 |[39m })[33m;[39m
     [90m 244 |[39m[0m

      at Object.toBe (__tests__/scryfall-api.test.js:241:58)

  ΓùÅ Scryfall API - Oracle Text Formatting ΓÇ║ getOracleText should format 
single-face card

    expect(received).toContain(expected) // indexOf

    Expected substring: "[b]{2}{U}{U}[/b]"
    Received string:    "Flying
    When this enters, draw a card."

    [0m [90m 253 |[39m     }[33m;[39m
     [90m 254 |[39m     [36mconst[39m text [33m=[39m 
scryfall[33m.[39mgetOracleText(card)[33m;[39m
    [31m[1m>[22m[39m[90m 255 |[39m     
expect(text)[33m.[39mtoContain([32m'[b]{2}{U}{U}[/b]'[39m)[33m;[39m
     [90m     |[39m                  [31m[1m^[22m[39m
     [90m 256 |[39m     expect(text)[33m.[39mtoContain([32m'[b]Creature 
ΓÇö Merfolk Wizard[/b]'[39m)[33m;[39m
     [90m 257 |[39m     
expect(text)[33m.[39mtoContain([32m'Flying'[39m)[33m;[39m
     [90m 258 |[39m     
expect(text)[33m.[39mtoContain([32m'[b]2/3[/b]'[39m)[33m;[39m[0m

      at Object.toContain (__tests__/scryfall-api.test.js:255:18)

  ΓùÅ Scryfall API - Oracle Text Formatting ΓÇ║ getOracleText should format 
planeswalker

    expect(received).toContain(expected) // indexOf

    Expected substring: "[b]Loyalty: 4[/b]"
    Received string:    "+1: Draw a card
    -2: Return target creature to its owner's hand"

    [0m [90m 267 |[39m     }[33m;[39m
     [90m 268 |[39m     [36mconst[39m text [33m=[39m 
scryfall[33m.[39mgetOracleText(card)[33m;[39m
    [31m[1m>[22m[39m[90m 269 |[39m     
expect(text)[33m.[39mtoContain([32m'[b]Loyalty: 4[/b]'[39m)[33m;[39m
     [90m     |[39m                  [31m[1m^[22m[39m
     [90m 270 |[39m   })[33m;[39m
     [90m 271 |[39m
     [90m 272 |[39m   test([32m'getOracleText should format multi-face 
card'[39m[33m,[39m () [33m=>[39m {[0m

      at Object.toContain (__tests__/scryfall-api.test.js:269:18)

  ΓùÅ Scryfall API - Oracle Text Formatting ΓÇ║ getOracleText should format 
multi-face card

    expect(received).toContain(expected) // indexOf

    Expected substring: "[b]{1}{R}[/b]"
    Received string:    "undefined: At the beginning of each upkeep, transform 
this.
    ---
    undefined: This creature gets +2/+2."

    [0m [90m 289 |[39m     }[33m;[39m
     [90m 290 |[39m     [36mconst[39m text [33m=[39m 
scryfall[33m.[39mgetOracleText(card)[33m;[39m
    [31m[1m>[22m[39m[90m 291 |[39m     
expect(text)[33m.[39mtoContain([32m'[b]{1}{R}[/b]'[39m)[33m;[39m
     [90m     |[39m                  [31m[1m^[22m[39m
     [90m 292 |[39m     
expect(text)[33m.[39mtoContain([32m'---'[39m)[33m;[39m [90m// Separator 
between faces[39m
     [90m 293 |[39m     
expect(text)[33m.[39mtoContain([32m'[b]2/2[/b]'[39m)[33m;[39m
     [90m 294 |[39m     
expect(text)[33m.[39mtoContain([32m'[b]4/4[/b]'[39m)[33m;[39m[0m

      at Object.toContain (__tests__/scryfall-api.test.js:291:18)

  ΓùÅ Scryfall API - TTS Card Conversion ΓÇ║ convertToTTSCard should create 
valid TTS card object

    expect(received).toBe(expected) // Object.is equality

    Expected: "Card"
    Received: undefined

    [0m [90m 311 |[39m     [36mconst[39m ttsCard [33m=[39m 
scryfall[33m.[39mconvertToTTSCard(scryfallCard[33m,[39m 
[32m'https://example.com/back.jpg'[39m)[33m;[39m
     [90m 312 |[39m     
    [31m[1m>[22m[39m[90m 313 |[39m     expect(ttsCard[33m.[39m[33mName
[39m)[33m.[39mtoBe([32m'Card'[39m)[33m;[39m
     [90m     |[39m                          [31m[1m^[22m[39m
     [90m 314 |[39m     expect(ttsCard[33m.[39m[33mNickname[39m)[33m.[3
9mtoContain([32m'Lightning Bolt'[39m)[33m;[39m
     [90m 315 |[39m     expect(ttsCard[33m.[39m[33mNickname[39m)[33m.[3
9mtoContain([32m'Instant'[39m)[33m;[39m
     [90m 316 |[39m     expect(ttsCard[33m.[39m[33mNickname[39m)[33m.[3
9mtoContain([32m'CMC'[39m)[33m;[39m[0m

      at Object.toBe (__tests__/scryfall-api.test.js:313:26)

  ΓùÅ Scryfall API - TTS Card Conversion ΓÇ║ convertToTTSCard should use 
provided position

    TypeError: Cannot read properties of undefined (reading 'posX')

    [0m [90m 334 |[39m     [36mconst[39m ttsCard [33m=[39m 
scryfall[33m.[39mconvertToTTSCard(scryfallCard[33m,[39m 
[32m'back.jpg'[39m[33m,[39m position)[33m;[39m
     [90m 335 |[39m     
    [31m[1m>[22m[39m[90m 336 |[39m     expect(ttsCard[33m.[39m[33mTran
sform[39m[33m.[39mposX)[33m.[39mtoBe([35m5[39m)[33m;[39m
     [90m     |[39m                              [31m[1m^[22m[39m
     [90m 337 |[39m     expect(ttsCard[33m.[39m[33mTransform[39m[33m.[3
9mposY)[33m.[39mtoBe([35m2[39m)[33m;[39m
     [90m 338 |[39m     expect(ttsCard[33m.[39m[33mTransform[39m[33m.[3
9mposZ)[33m.[39mtoBe([33m-[39m[35m3[39m)[33m;[39m
     [90m 339 |[39m     expect(ttsCard[33m.[39m[33mTransform[39m[33m.[3
9mrotY)[33m.[39mtoBe([35m180[39m)[33m;[39m[0m

      at Object.posX (__tests__/scryfall-api.test.js:336:30)

  ΓùÅ Scryfall API - TTS Card Conversion ΓÇ║ convertToTTSCard should throw if 
no image available

    expect(received).toThrow(expected)

    Expected substring: "No image available for Bad Card"

    Received function did not throw

    [0m [90m 346 |[39m     
     [90m 347 |[39m     expect(() [33m=>[39m 
scryfall[33m.[39mconvertToTTSCard(scryfallCard[33m,[39m 
[32m'back.jpg'[39m))
    [31m[1m>[22m[39m[90m 348 |[39m       [33m.[39mtoThrow([32m'No 
image available for Bad Card'[39m)[33m;[39m
     [90m     |[39m        [31m[1m^[22m[39m
     [90m 349 |[39m   })[33m;[39m
     [90m 350 |[39m
     [90m 351 |[39m   test([32m'convertToTTSCard should include state data 
for DFC cards'[39m[33m,[39m () [33m=>[39m {[0m

      at Object.toThrow (__tests__/scryfall-api.test.js:348:8)

  ΓùÅ Scryfall API - TTS Card Conversion ΓÇ║ convertToTTSCard should include 
state data for DFC cards

    expect(received).toBeDefined()

    Received: undefined

    [0m [90m 372 |[39m     [36mconst[39m ttsCard [33m=[39m 
scryfall[33m.[39mconvertToTTSCard(scryfallCard[33m,[39m 
[32m'https://example.com/default-back.jpg'[39m)[33m;[39m
     [90m 373 |[39m
    [31m[1m>[22m[39m[90m 374 |[39m     
expect(ttsCard[33m.[39m[33mStates[39m)[33m.[39mtoBeDefined()[33m;[39m
     [90m     |[39m                            [31m[1m^[22m[39m
     [90m 375 |[39m     expect(ttsCard[33m.[39m[33mStates[39m[[35m2[39m
])[33m.[39mtoBeDefined()[33m;[39m
     [90m 376 |[39m     expect(ttsCard[33m.[39m[33mStates[39m[[35m2[39m
][33m.[39m[33mNickname[39m)[33m.[39mtoContain([32m'Awakened 
Skyclave'[39m)[33m;[39m
     [90m 377 |[39m     expect(ttsCard[33m.[39m[33mCustomDeck[39m[[32m'1
'[39m][33m.[39m[33mFaceURL[39m)[33m.[39mtoBe([32m'https://example.com/f
ront.jpg'[39m)[33m;[39m[0m

      at Object.toBeDefined (__tests__/scryfall-api.test.js:374:28)

  ΓùÅ Scryfall API - Decklist Parsing ΓÇ║ parseDecklist should skip comments 
and empty lines

    expect(received).toHaveLength(expected)

    Expected length: 2
    Received length: 4
    Received array:  [{"count": 1, "name": "// This is a comment"}, {"count": 
4, "name": "Lightning Bolt"}, {"count": 2, "name": "Mountain"}, {"count": 1, 
"name": "// Another comment"}]

    [0m [90m 416 |[39m     [36mconst[39m cards [33m=[39m 
scryfall[33m.[39mparseDecklist(decklist)[33m;[39m
     [90m 417 |[39m     
    [31m[1m>[22m[39m[90m 418 |[39m     
expect(cards)[33m.[39mtoHaveLength([35m2[39m)[33m;[39m
     [90m     |[39m                   [31m[1m^[22m[39m
     [90m 419 |[39m   })[33m;[39m
     [90m 420 |[39m
     [90m 421 |[39m   test([32m'parseDecklist should handle cards with 
special characters'[39m[33m,[39m () [33m=>[39m {[0m

      at Object.toHaveLength (__tests__/scryfall-api.test.js:418:19)

  ΓùÅ Scryfall API - Decklist Parsing ΓÇ║ parseDecklist should return empty 
array for invalid input

    expect(received).toHaveLength(expected)

    Expected length: 0
    Received length: 3
    Received array:  [{"count": 1, "name": "not a valid decklist"}, {"count": 
1, "name": "just random text"}, {"count": 1, "name": "no numbers"}]

    [0m [90m 437 |[39m     [36mconst[39m cards [33m=[39m 
scryfall[33m.[39mparseDecklist(decklist)[33m;[39m
     [90m 438 |[39m     
    [31m[1m>[22m[39m[90m 439 |[39m     
expect(cards)[33m.[39mtoHaveLength([35m0[39m)[33m;[39m
     [90m     |[39m                   [31m[1m^[22m[39m
     [90m 440 |[39m   })[33m;[39m
     [90m 441 |[39m })[33m;[39m
     [90m 442 |[39m[0m

      at Object.toHaveLength (__tests__/scryfall-api.test.js:439:19)


Test Suites: 2 failed, 20 passed, 22 total
Tests:       20 failed, 362 passed, 382 total
Snapshots:   0 total
Time:        2.619 s
Ran all test suites.
